https://www.conestogastudents.com/about-us - content too short (8 chars)
https://www.conestogastudents.com/getinvolved - content too short (12 chars)
https://www.conestogastudents.com/studentlife - content too short (0 chars)
https://www.conestogastudents.com/wellness - content too short (0 chars)
https://www.conestogastudents.com/representation - content too short (0 chars)
https://successportal.conestogac.on.ca/Form.aspx - content too short (14 chars)
https://www.conestogastudents.com/foodhospitality/thevenue/ - content too short (9 chars)
https://www.conestogastudents.com/about-us/news/ - content too short (4 chars)
https://studentportal.conestogac.on.ca/StudentPortal/Default.aspx - content too short (0 chars)
https://employeeportal.conestogac.on.ca/CollegePortal/ - content too short (0 chars)
https://www.conestogastudents.com/wellness/healthdental/ - content too short (12 chars)
https://www.conestogastudents.com/wellness/indigenousresources/ - content too short (20 chars)
https://www.conestogastudents.com/representation/academicappeals/ - content too short (16 chars)
https://www.conestogac.on.ca/feedback/accessibility-at-conestoga - content too short (22 chars)
https://employeetraining.conestogac.on.ca/ - content too short (0 chars)
https://www.conestogastudents.com/foodhospitality/pitapit/ - content too short (8 chars)
https://www.conestogastudents.com/foodhospitality/cateringco/ - content too short (12 chars)
https://www.conestogastudents.com/foodhospitality/thereutermarket/ - content too short (17 chars)
https://orientation.conestogac.on.ca/myOrientation/orientation-week - content too short (0 chars)
https://orientation.conestogac.on.ca/myChecklist/complete-personalized-checklist - content too short (0 chars)
https://successportal.conestogac.on.ca.mcas.ms/s/counselling - content too short (0 chars)
https://successportal.conestogac.on.ca.mcas.ms/s/medicalclinic - content too short (0 chars)
https://successportal.conestogac.on.ca.mcas.ms/students/infopages/detail/25 - content too short (0 chars)
https://www.conestogac.on.ca.mcas.ms/student-rights/rights - content too short (0 chars)
https://it.conestogac.on.ca/Employees/service-requests - content too short (0 chars)
https://it.conestogac.on.ca/Employees - content too short (0 chars)
https://studentportal.conestogac.on.ca - content too short (0 chars)
https://it.conestogac.on.ca/Employees/forms-quick-links - content too short (0 chars)
https://www.conestogastudents.com/studentlife/transportation/grandrivertransit/ - content too short (19 chars)
https://www.conestogastudents.com/studentlife/transportation/guelphtransitupass/ - content too short (21 chars)
https://requests-new.conestogac.on.ca/ServiceNotice/Form - content too short (0 chars)
https://studentportal.conestogac.on.ca/ - content too short (0 chars)
https://employeeportal.conestogac.on.ca/CollegePortal/Default.aspx - content too short (0 chars)
https://mycareer.conestogac.on.ca/ - content too short (0 chars)
